// Jest Snapshot v1, https://goo.gl/fbAQLP

exports[`renders Component correctly 1`] = `
Object {
  "asFragment": [Function],
  "baseElement": <body>
    <div>
      <nav
        class="nav-container flex"
      >
        <div
          class="logo-container flex"
        >
          <img
            alt="Space Travelers Logo"
            class="navbar-logo"
            src="logo.png"
          />
          <h1>
            Space Travelers Hub
          </h1>
        </div>
        <div
          class="links-list flex"
        >
          <ul
            class="flex list"
          >
            <li
              class="navigation-link"
            >
              <a
                activeclassname="active-link"
                aria-current="page"
                class="list-link active"
                href="/"
              >
                Rockets
              </a>
            </li>
            <li
              class="navigation-link"
            >
              <a
                activeclassname="active-link"
                class="list-link"
                href="/missions"
              >
                Missions
              </a>
            </li>
            <li
              class="navigation-link"
            >
              <a
                activeclassname="active-link"
                class="list-link"
                href="/profile"
              >
                Profile
              </a>
            </li>
          </ul>
        </div>
      </nav>
    </div>
  </body>,
  "container": <div>
    <nav
      class="nav-container flex"
    >
      <div
        class="logo-container flex"
      >
        <img
          alt="Space Travelers Logo"
          class="navbar-logo"
          src="logo.png"
        />
        <h1>
          Space Travelers Hub
        </h1>
      </div>
      <div
        class="links-list flex"
      >
        <ul
          class="flex list"
        >
          <li
            class="navigation-link"
          >
            <a
              activeclassname="active-link"
              aria-current="page"
              class="list-link active"
              href="/"
            >
              Rockets
            </a>
          </li>
          <li
            class="navigation-link"
          >
            <a
              activeclassname="active-link"
              class="list-link"
              href="/missions"
            >
              Missions
            </a>
          </li>
          <li
            class="navigation-link"
          >
            <a
              activeclassname="active-link"
              class="list-link"
              href="/profile"
            >
              Profile
            </a>
          </li>
        </ul>
      </div>
    </nav>
  </div>,
  "debug": [Function],
  "findAllByAltText": [Function],
  "findAllByDisplayValue": [Function],
  "findAllByLabelText": [Function],
  "findAllByPlaceholderText": [Function],
  "findAllByRole": [Function],
  "findAllByTestId": [Function],
  "findAllByText": [Function],
  "findAllByTitle": [Function],
  "findByAltText": [Function],
  "findByDisplayValue": [Function],
  "findByLabelText": [Function],
  "findByPlaceholderText": [Function],
  "findByRole": [Function],
  "findByTestId": [Function],
  "findByText": [Function],
  "findByTitle": [Function],
  "getAllByAltText": [Function],
  "getAllByDisplayValue": [Function],
  "getAllByLabelText": [Function],
  "getAllByPlaceholderText": [Function],
  "getAllByRole": [Function],
  "getAllByTestId": [Function],
  "getAllByText": [Function],
  "getAllByTitle": [Function],
  "getByAltText": [Function],
  "getByDisplayValue": [Function],
  "getByLabelText": [Function],
  "getByPlaceholderText": [Function],
  "getByRole": [Function],
  "getByTestId": [Function],
  "getByText": [Function],
  "getByTitle": [Function],
  "queryAllByAltText": [Function],
  "queryAllByDisplayValue": [Function],
  "queryAllByLabelText": [Function],
  "queryAllByPlaceholderText": [Function],
  "queryAllByRole": [Function],
  "queryAllByTestId": [Function],
  "queryAllByText": [Function],
  "queryAllByTitle": [Function],
  "queryByAltText": [Function],
  "queryByDisplayValue": [Function],
  "queryByLabelText": [Function],
  "queryByPlaceholderText": [Function],
  "queryByRole": [Function],
  "queryByTestId": [Function],
  "queryByText": [Function],
  "queryByTitle": [Function],
  "rerender": [Function],
  "unmount": [Function],
}
`;
