// Jest Snapshot v1, https://goo.gl/fbAQLP

exports[`Test RocketContainer renders correctly 1`] = `
<main
  className="rockets"
>
  <ul />
</main>
`;
